Watching for file changes with StatReloader
Watching for file changes with StatReloader
Watching for file changes with StatReloader
Watching for file changes with StatReloader
C:\Users\USER\Documents\GitHub\Paulicode\PauliCode\PauliCode\settings.py changed, reloading.
Watching for file changes with StatReloader
Watching for file changes with StatReloader
"GET / HTTP/1.1" 200 13995
"GET / HTTP/1.1" 200 13995
"GET /static/img/PCodeLogo.svg HTTP/1.1" 200 12486
C:\Users\USER\Documents\GitHub\Paulicode\PauliCode\User\admin.py changed, reloading.
Watching for file changes with StatReloader
C:\Users\USER\Documents\GitHub\Paulicode\PauliCode\User\admin.py changed, reloading.
Watching for file changes with StatReloader
C:\Users\USER\Documents\GitHub\Paulicode\PauliCode\User\admin.py changed, reloading.
Watching for file changes with StatReloader
C:\Users\USER\Documents\GitHub\Paulicode\PauliCode\User\admin.py changed, reloading.
Watching for file changes with StatReloader
C:\Users\USER\Documents\GitHub\Paulicode\PauliCode\User\admin.py changed, reloading.
Watching for file changes with StatReloader
C:\Users\USER\Documents\GitHub\Paulicode\PauliCode\User\admin.py changed, reloading.
Watching for file changes with StatReloader
C:\Users\USER\Documents\GitHub\Paulicode\PauliCode\User\admin.py changed, reloading.
Watching for file changes with StatReloader
C:\Users\USER\Documents\GitHub\Paulicode\PauliCode\User\admin.py changed, reloading.
Watching for file changes with StatReloader
C:\Users\USER\Documents\GitHub\Paulicode\PauliCode\User\admin.py changed, reloading.
Watching for file changes with StatReloader
C:\Users\USER\Documents\GitHub\Paulicode\PauliCode\User\admin.py changed, reloading.
Watching for file changes with StatReloader
"GET /admin/ HTTP/1.1" 302 0
"GET /admin/login/?next=/admin/ HTTP/1.1" 200 3352
"GET /static/vendor/bootswatch/cyborg/bootstrap.min.css HTTP/1.1" 200 164597
"GET /static/vendor/fontawesome-free/css/all.min.css HTTP/1.1" 200 103009
"GET /static/vendor/bootswatch/solar/bootstrap.min.css HTTP/1.1" 200 169219
"GET /static/jazzmin/css/main.css HTTP/1.1" 200 16969
"GET /static/admin/js/vendor/jquery/jquery.js HTTP/1.1" 200 292458
"GET /static/vendor/adminlte/css/adminlte.min.css HTTP/1.1" 200 1382975
"GET /static/vendor/adminlte/img/AdminLTELogo.png HTTP/1.1" 200 2637
"GET /static/vendor/bootstrap/js/bootstrap.min.js HTTP/1.1" 200 62440
"GET /static/vendor/adminlte/js/adminlte.min.js HTTP/1.1" 200 44244
"GET /static/vendor/fontawesome-free/webfonts/fa-solid-900.woff2 HTTP/1.1" 200 156400
"GET /admin/login/?next=/admin/ HTTP/1.1" 200 3352
"GET /static/vendor/fontawesome-free/css/all.min.css HTTP/1.1" 200 103009
"GET /static/jazzmin/css/main.css HTTP/1.1" 200 16969
"GET /static/vendor/bootswatch/solar/bootstrap.min.css HTTP/1.1" 200 169219
"GET /static/vendor/bootswatch/cyborg/bootstrap.min.css HTTP/1.1" 200 164597
"GET /static/vendor/adminlte/img/AdminLTELogo.png HTTP/1.1" 200 2637
"GET /static/vendor/adminlte/js/adminlte.min.js HTTP/1.1" 200 44244
"GET /static/vendor/bootstrap/js/bootstrap.min.js HTTP/1.1" 200 62440
"GET /static/admin/js/vendor/jquery/jquery.js HTTP/1.1" 200 292458
"GET /static/vendor/adminlte/css/adminlte.min.css HTTP/1.1" 200 1382975
"GET /static/vendor/fontawesome-free/webfonts/fa-solid-900.woff2 HTTP/1.1" 200 156400
Watching for file changes with StatReloader
"POST /admin/login/?next=/admin/ HTTP/1.1" 302 0
Could not reverse url from karl satsat (c-2023-0507)
Could not reverse url from karl satsat (c-2023-0507)
"GET /admin/ HTTP/1.1" 200 36880
"GET /static/vendor/fontawesome-free/css/all.min.css HTTP/1.1" 304 0
"GET /static/vendor/adminlte/img/AdminLTELogo.png HTTP/1.1" 304 0
"GET /static/vendor/adminlte/css/adminlte.min.css HTTP/1.1" 304 0
"GET /static/vendor/bootswatch/cyborg/bootstrap.min.css HTTP/1.1" 304 0
"GET /static/vendor/bootswatch/solar/bootstrap.min.css HTTP/1.1" 304 0
"GET /static/jazzmin/css/main.css HTTP/1.1" 304 0
"GET /static/vendor/adminlte/js/adminlte.min.js HTTP/1.1" 304 0
"GET /static/vendor/bootstrap/js/bootstrap.min.js HTTP/1.1" 304 0
"GET /static/admin/js/vendor/jquery/jquery.js HTTP/1.1" 304 0
"GET /static/jazzmin/js/main.js HTTP/1.1" 200 2391
"GET /static/jazzmin/js/ui-builder.js HTTP/1.1" 200 13873
"GET /static/vendor/fontawesome-free/webfonts/fa-regular-400.woff2 HTTP/1.1" 200 25392
"GET /static/vendor/fontawesome-free/webfonts/fa-solid-900.woff2 HTTP/1.1" 304 0
"GET /static/vendor/bootswatch/cosmo/bootstrap.min.css HTTP/1.1" 200 154456
Could not reverse url from karl satsat (c-2023-0507)
Could not reverse url from karl satsat (c-2023-0507)
"GET /admin/password_change/ HTTP/1.1" 200 28714
Could not reverse url from karl satsat (c-2023-0507)
Could not reverse url from karl satsat (c-2023-0507)
"GET /admin/ HTTP/1.1" 200 36880
Watching for file changes with StatReloader
"POST /admin/login/?next=/admin/ HTTP/1.1" 302 0
Could not reverse url from karl satsat (c-2023-0507)
Could not reverse url from karl satsat (c-2023-0507)
"GET /admin/ HTTP/1.1" 200 36880
"GET /static/vendor/fontawesome-free/css/all.min.css HTTP/1.1" 304 0
"GET /static/vendor/adminlte/css/adminlte.min.css HTTP/1.1" 304 0
"GET /static/vendor/adminlte/img/AdminLTELogo.png HTTP/1.1" 304 0
"GET /static/vendor/bootswatch/solar/bootstrap.min.css HTTP/1.1" 304 0
"GET /static/vendor/bootswatch/cyborg/bootstrap.min.css HTTP/1.1" 304 0
"GET /static/jazzmin/css/main.css HTTP/1.1" 304 0
"GET /static/jazzmin/js/main.js HTTP/1.1" 200 2391
"GET /static/vendor/adminlte/js/adminlte.min.js HTTP/1.1" 304 0
"GET /static/admin/js/vendor/jquery/jquery.js HTTP/1.1" 304 0
"GET /static/vendor/bootstrap/js/bootstrap.min.js HTTP/1.1" 304 0
"GET /static/jazzmin/js/ui-builder.js HTTP/1.1" 200 13873
"GET /static/vendor/fontawesome-free/webfonts/fa-regular-400.woff2 HTTP/1.1" 200 25392
Not Found: /admin/User/user/
"GET /admin/User/user/ HTTP/1.1" 404 12951
Could not reverse url from karl satsat (c-2023-0507)
Could not reverse url from karl satsat (c-2023-0507)
"GET /admin/ HTTP/1.1" 200 36896
C:\Users\USER\Documents\GitHub\Paulicode\PauliCode\PauliCode\settings.py changed, reloading.
C:\Users\USER\Documents\GitHub\Paulicode\PauliCode\PauliCode\settings.py changed, reloading.
Watching for file changes with StatReloader
Watching for file changes with StatReloader
Could not reverse url from User.user
Could not reverse url from User.class
Could not reverse url from User.user
Could not reverse url from User.class
Could not reverse url from User.user
Could not reverse url from User.class
Could not reverse url from karl satsat (c-2023-0507)
Could not reverse url from User.user
Could not reverse url from User.class
Could not reverse url from karl satsat (c-2023-0507)
"GET /admin/ HTTP/1.1" 200 38246
Not Found: /admin/user/user/
"GET /admin/user/user/ HTTP/1.1" 404 12951
C:\Users\USER\Documents\GitHub\Paulicode\PauliCode\PauliCode\urls.py changed, reloading.
C:\Users\USER\Documents\GitHub\Paulicode\PauliCode\PauliCode\urls.py changed, reloading.
Watching for file changes with StatReloader
Watching for file changes with StatReloader
Not Found: /admin/user/user/
"GET /admin/user/user/ HTTP/1.1" 404 12951
Could not reverse url from User.user
Could not reverse url from User.class
Could not reverse url from User.user
Could not reverse url from User.class
Could not reverse url from User.user
Could not reverse url from User.class
Could not reverse url from karl satsat (c-2023-0507)
Could not reverse url from User.user
Could not reverse url from User.class
Could not reverse url from karl satsat (c-2023-0507)
"GET /admin/ HTTP/1.1" 200 38246
"GET /static/vendor/fontawesome-free/css/all.min.css HTTP/1.1" 304 0
"GET /static/vendor/adminlte/css/adminlte.min.css HTTP/1.1" 304 0
"GET /static/vendor/bootswatch/solar/bootstrap.min.css HTTP/1.1" 304 0
"GET /static/jazzmin/css/main.css HTTP/1.1" 304 0
"GET /static/vendor/bootswatch/cyborg/bootstrap.min.css HTTP/1.1" 304 0
"GET /static/admin/js/vendor/jquery/jquery.js HTTP/1.1" 304 0
"GET /static/vendor/adminlte/img/AdminLTELogo.png HTTP/1.1" 304 0
"GET /static/jazzmin/js/main.js HTTP/1.1" 304 0
"GET /static/jazzmin/js/ui-builder.js HTTP/1.1" 304 0
"GET /static/vendor/adminlte/js/adminlte.min.js HTTP/1.1" 304 0
"GET /static/vendor/bootstrap/js/bootstrap.min.js HTTP/1.1" 304 0
Could not reverse url from User.user
Could not reverse url from User.class
Could not reverse url from User.user
Could not reverse url from User.class
Could not reverse url from User.user
Could not reverse url from User.class
Could not reverse url from karl satsat (c-2023-0507)
Could not reverse url from User.user
Could not reverse url from User.class
Could not reverse url from karl satsat (c-2023-0507)
"GET /admin/?q=karl HTTP/1.1" 200 38246
"GET /static/vendor/fontawesome-free/css/all.min.css HTTP/1.1" 304 0
"GET /static/vendor/adminlte/css/adminlte.min.css HTTP/1.1" 304 0
"GET /static/vendor/bootswatch/cyborg/bootstrap.min.css HTTP/1.1" 304 0
"GET /static/vendor/bootswatch/solar/bootstrap.min.css HTTP/1.1" 304 0
"GET /static/jazzmin/css/main.css HTTP/1.1" 304 0
"GET /static/admin/js/vendor/jquery/jquery.js HTTP/1.1" 304 0
"GET /static/vendor/adminlte/img/AdminLTELogo.png HTTP/1.1" 304 0
"GET /static/vendor/bootstrap/js/bootstrap.min.js HTTP/1.1" 304 0
"GET /static/jazzmin/js/ui-builder.js HTTP/1.1" 304 0
"GET /static/vendor/adminlte/js/adminlte.min.js HTTP/1.1" 304 0
"GET /static/jazzmin/js/main.js HTTP/1.1" 304 0
C:\Users\USER\Documents\GitHub\Paulicode\PauliCode\PauliCode\settings.py changed, reloading.
C:\Users\USER\Documents\GitHub\Paulicode\PauliCode\PauliCode\settings.py changed, reloading.
Watching for file changes with StatReloader
Watching for file changes with StatReloader
Could not reverse url from User.user
Could not reverse url from User.class
Could not reverse url from User.user
Could not reverse url from User.class
Could not reverse url from User.user
Could not reverse url from User.class
Could not reverse url from karl satsat (c-2023-0507)
Could not reverse url from User.user
Could not reverse url from User.class
Could not reverse url from karl satsat (c-2023-0507)
"GET /admin/?q=karl HTTP/1.1" 200 38246
C:\Users\USER\Documents\GitHub\Paulicode\PauliCode\PauliCode\urls.py changed, reloading.
C:\Users\USER\Documents\GitHub\Paulicode\PauliCode\PauliCode\settings.py changed, reloading.
Watching for file changes with StatReloader
Watching for file changes with StatReloader
Could not reverse url from User.user
Could not reverse url from User.class
Could not reverse url from User.user
Could not reverse url from User.class
Could not reverse url from User.user
Could not reverse url from User.class
Could not reverse url from karl satsat (c-2023-0507)
Could not reverse url from User.user
Could not reverse url from User.class
Could not reverse url from karl satsat (c-2023-0507)
"GET /admin/?q=qwe HTTP/1.1" 200 38246
"GET /static/vendor/fontawesome-free/css/all.min.css HTTP/1.1" 304 0
"GET /static/vendor/bootswatch/cyborg/bootstrap.min.css HTTP/1.1" 304 0
"GET /static/vendor/adminlte/css/adminlte.min.css HTTP/1.1" 304 0
"GET /static/vendor/bootswatch/solar/bootstrap.min.css HTTP/1.1" 304 0
"GET /static/jazzmin/css/main.css HTTP/1.1" 304 0
"GET /static/vendor/bootstrap/js/bootstrap.min.js HTTP/1.1" 304 0
"GET /static/vendor/adminlte/img/AdminLTELogo.png HTTP/1.1" 304 0
"GET /static/admin/js/vendor/jquery/jquery.js HTTP/1.1" 304 0
"GET /static/vendor/adminlte/js/adminlte.min.js HTTP/1.1" 304 0
"GET /static/jazzmin/js/main.js HTTP/1.1" 304 0
"GET /static/jazzmin/js/ui-builder.js HTTP/1.1" 304 0
"GET /admin/ HTTP/1.1" 302 0
Could not reverse url from User.user
Could not reverse url from User.class
"GET /admin/login/?next=/admin/ HTTP/1.1" 200 3352
"GET /static/vendor/fontawesome-free/css/all.min.css HTTP/1.1" 200 103009
"GET /static/vendor/bootswatch/cyborg/bootstrap.min.css HTTP/1.1" 200 164597
"GET /static/vendor/bootswatch/solar/bootstrap.min.css HTTP/1.1" 200 169219
"GET /static/vendor/adminlte/css/adminlte.min.css HTTP/1.1" 200 1382975
"GET /static/jazzmin/css/main.css HTTP/1.1" 200 16969
"GET /static/vendor/adminlte/img/AdminLTELogo.png HTTP/1.1" 200 2637
"GET /static/vendor/bootstrap/js/bootstrap.min.js HTTP/1.1" 200 62440
"GET /static/admin/js/vendor/jquery/jquery.js HTTP/1.1" 200 285314
"GET /static/vendor/adminlte/js/adminlte.min.js HTTP/1.1" 200 44244
"GET /static/vendor/fontawesome-free/webfonts/fa-solid-900.woff2 HTTP/1.1" 200 156400
Watching for file changes with StatReloader
"GET / HTTP/1.1" 302 0
"GET /dashboard/ HTTP/1.1" 200 67598
"GET /static/img/loadingIcon.webp HTTP/1.1" 200 42646
"GET /dashboard/ HTTP/1.1" 200 67598
"GET /media/profile_pic/default.png HTTP/1.1" 200 298184
"GET /static/img/teacherwand.png HTTP/1.1" 200 16015
"GET /MyClasses/ HTTP/1.1" 302 0
"GET / HTTP/1.1" 302 0
"GET /dashboard/ HTTP/1.1" 200 68048
"GET /dashboard/ HTTP/1.1" 200 67598
"GET /report/ HTTP/1.1" 302 0
"GET / HTTP/1.1" 302 0
"GET /dashboard/ HTTP/1.1" 200 68048
"GET /dashboard/ HTTP/1.1" 200 67598
Not Found: /d
"GET /d HTTP/1.1" 404 11357
"GET / HTTP/1.1" 302 0
"GET /dashboard/ HTTP/1.1" 200 67598
"GET /dashboard/ HTTP/1.1" 200 67598
"POST /logout/ HTTP/1.1" 302 0
"GET / HTTP/1.1" 200 14463
"GET / HTTP/1.1" 200 13995
"GET /admin/ HTTP/1.1" 302 0
"GET /admin/login/?next=/admin/ HTTP/1.1" 200 3352
"GET /static/vendor/fontawesome-free/css/all.min.css HTTP/1.1" 200 103009
"GET /static/vendor/bootswatch/cyborg/bootstrap.min.css HTTP/1.1" 200 164597
"GET /static/vendor/adminlte/css/adminlte.min.css HTTP/1.1" 200 1382975
"GET /static/vendor/adminlte/img/AdminLTELogo.png HTTP/1.1" 200 2637
"GET /static/jazzmin/css/main.css HTTP/1.1" 200 16969
"GET /static/vendor/bootswatch/solar/bootstrap.min.css HTTP/1.1" 200 169219
"GET /static/admin/js/vendor/jquery/jquery.js HTTP/1.1" 200 292458
"GET /static/vendor/adminlte/js/adminlte.min.js HTTP/1.1" 200 44244
"GET /static/vendor/bootstrap/js/bootstrap.min.js HTTP/1.1" 200 62440
"GET /static/vendor/fontawesome-free/webfonts/fa-solid-900.woff2 HTTP/1.1" 200 156400
Internal Server Error: /admin/
Traceback (most recent call last):
  File "C:\Users\USER\Documents\GitHub\Paulicode\.venv\Lib\site-packages\django\core\handlers\exception.py", line 55, in inner
    response = get_response(request)
  File "C:\Users\USER\Documents\GitHub\Paulicode\.venv\Lib\site-packages\django\core\handlers\base.py", line 197, in _get_response
    response = wrapped_callback(request, *callback_args, **callback_kwargs)
  File "C:\Users\USER\Documents\GitHub\Paulicode\.venv\Lib\site-packages\django\contrib\admin\sites.py", line 261, in wrapper
    return self.admin_view(view, cacheable)(*args, **kwargs)
           ~~~~~~~~~~~~~~~~~~~~~~~~~~~~~~~~^^^^^^^^^^^^^^^^^
  File "C:\Users\USER\Documents\GitHub\Paulicode\.venv\Lib\site-packages\django\utils\decorators.py", line 134, in _wrapper_view
    response = view_func(request, *args, **kwargs)
  File "C:\Users\USER\Documents\GitHub\Paulicode\.venv\Lib\site-packages\django\views\decorators\cache.py", line 62, in _wrapper_view_func
    response = view_func(request, *args, **kwargs)
  File "C:\Users\USER\Documents\GitHub\Paulicode\.venv\Lib\site-packages\django\contrib\admin\sites.py", line 242, in inner
    return view(request, *args, **kwargs)
  File "C:\Users\USER\Documents\GitHub\Paulicode\PauliCode\User\admin_site.py", line 50, in index
    total_enrollments = Enrollment.objects.count()
                        ^^^^^^^^^^
NameError: name 'Enrollment' is not defined
C:\Users\USER\Documents\GitHub\Paulicode\PauliCode\User\admin_site.py changed, reloading.
Watching for file changes with StatReloader
